// Vitest Snapshot v1, https://vitest.dev/guide/snapshot.html

exports[`InstDetaljerView > renders correctly 1`] = `
<DocumentFragment>
  <div>
    <div
      class="detaljer__tittel"
    >
      <h2
        class="navds-heading navds-heading--small"
      >
        VIK FENGSEL
      </h2>
      <p
        class="navds-body-short navds-body-short--medium"
      >
        Organisasjonsnummer 974 736 942
      </p>
    </div>
    <hr
      class="box__linje-bred"
    />
    <div
      class="box"
    >
      <div
        class="box__content"
      >
        <dl
          class="list"
        >
          <div
            class="list-item"
          >
            <dt
              class="list-element-heading"
            >
              <span
                class="navds-label"
              >
                Institusjonstype
              </span>
            </dt>
            <dd>
              FO
            </dd>
          </div>
          <div
            class="list-item"
          >
            <dt
              class="list-element-heading"
            >
              <span
                class="navds-label"
              >
                Periode
              </span>
            </dt>
            <dd>
              <div
                class="inst__periode"
              >
                13.06.2017 - 15.09.2017
              </div>
            </dd>
          </div>
        </dl>
      </div>
    </div>
  </div>
</DocumentFragment>
`;
