// Jest Snapshot v1, https://goo.gl/fbAQLP

exports[`DKIF renders correctly 1`] = `
<DocumentFragment>
  <dl
    class="list"
  >
    <div
      class="list-item"
    >
      <dt
        class="list-element-heading"
      >
        <span
          class="navds-label"
        >
          Telefon
        </span>
      </dt>
      <dd>
        12131415
      </dd>
    </div>
  </dl>
  <dl
    class="list"
  >
    <div
      class="list-item"
    >
      <dt
        class="list-element-heading"
      >
        <span
          class="navds-label"
        >
          E-post
        </span>
      </dt>
      <dd>
        test@test.com
      </dd>
    </div>
  </dl>
  <dl
    class="list"
  >
    <div
      class="list-item"
    >
      <dt
        class="list-element-heading"
      >
        <span
          class="navds-label"
        >
          Språk/målform
        </span>
      </dt>
      <dd>
        Norsk
      </dd>
    </div>
  </dl>
  <div
    class="kilde__container"
  >
    <p
      class="navds-body-long"
    >
      <a
        class="navds-link kilde__lenke lenke"
        href="https://brukerprofil.difi.no/minprofil"
      >
        <span
          class="kilde__icon"
        >
          <img
            alt=""
            src="Link.svg"
          />
        </span>
        Vil du endre informasjonen i Kontakt- og reservasjonsregisteret? 
      </a>
    </p>
    <div
      class="kilde__tekst"
    >
      <p
        class="navds-detail"
      >
        Kilde: Kontakt - og reservasjonsregisteret
      </p>
    </div>
  </div>
</DocumentFragment>
`;

exports[`TelefonnummerHosNav renders correctly 1`] = `
<DocumentFragment>
  <div>
    <div
      class="tlfnummer__rad"
    >
      <div
        class="tlfnummer__container"
      >
        <div
          class="tlfnummer__verdi"
        >
          <p
            class="navds-label"
          >
            Telefon 
          </p>
          <p
            class="navds-body-short"
          >
            <span>
              +47 
            </span>
            408 53 158
          </p>
        </div>
        <div
          class="tlfnummer__knapper"
        >
          <button
            aria-label="Endre telefonnummer"
            class="knapp-med-ikon navds-button navds-button--tertiary navds-button--medium"
          >
            <span
              aria-live="polite"
              class="navds-label"
            >
              <img
                alt=""
                class="tlfnummer__knapp-ikon"
                src="Pencil.svg"
              />
              <span
                class="tlfnummer__knapp-tekst"
              >
                Endre
              </span>
            </span>
          </button>
          <button
            aria-label="Slett telefonnummer"
            class="knapp-med-ikon navds-button navds-button--tertiary navds-button--medium"
          >
            <span
              aria-live="polite"
              class="navds-label"
            >
              <img
                alt=""
                class="tlfnummer__knapp-ikon"
                src="Slett.svg"
              />
              <span
                class="tlfnummer__knapp-tekst"
              >
                Slett
              </span>
            </span>
          </button>
        </div>
      </div>
    </div>
  </div>
  <button
    aria-label="Legg til telefonnummer i NAV sitt register"
    class="tlfnummer__leggtil knapp-med-ikon lenke navds-button navds-button--tertiary navds-button--medium"
  >
    <span
      aria-live="polite"
      class="navds-label"
    >
      <img
        alt=""
        class="kilde__icon"
        src="LeggTil.svg"
      />
      Legg til nummer i NAV sitt register
    </span>
  </button>
  <div
    class="kilde__container"
  >
    <div
      class="kilde__tekst"
    >
      <p
        class="navds-detail"
      >
        Kilde: NAV
      </p>
    </div>
  </div>
</DocumentFragment>
`;
