// Jest Snapshot v1, https://goo.gl/fbAQLP

exports[`DsopHistorikkView renders correctly 1`] = `
<DocumentFragment>
  <div
    class="historikk__tabs-innhold historikk__flex-table"
  >
    <div
      class="historikk__info"
    >
      <div
        class="navds-alert navds-alert--info navds-alert--medium"
      >
        <svg
          aria-labelledby="title-r0"
          class="navds-alert__icon"
          fill="none"
          focusable="false"
          height="1em"
          role="img"
          viewBox="0 0 24 24"
          width="1em"
          xmlns="http://www.w3.org/2000/svg"
        >
          <title
            id="title-r0"
          >
            Informasjon
          </title>
          <path
            clip-rule="evenodd"
            d="M0 12C0 5.382 5.382 0 12 0c6.617 0 12 5.382 12 12s-5.383 12-12 12C5.382 24 0 18.618 0 12Zm12-7a1.5 1.5 0 1 1 0 3 1.5 1.5 0 0 1 0-3ZM9 19v-2h2v-5H9v-2h4v7h2v2H9Z"
            fill="#368DA8"
            fill-rule="evenodd"
          />
        </svg>
        <div
          class="navds-alert__wrapper navds-body-long"
        >
          Dette er en logg som viser hvilke opplysninger vi har utlevert til forsikringsselskap basert på samtykke du har gitt på Altinn. 
          <a
            class="navds-link"
            href="https://altinn.no"
            target="blank"
          >
            Se samtykket i Altinn.
          </a>
        </div>
      </div>
    </div>
    <div
      class="historikk__flex-rad historikk__head"
    >
      <div
        class="historikk__flex-kolonne"
      >
        <p
          class="navds-label"
        >
          Uthentingstidspunkt
        </p>
      </div>
      <div
        class="historikk__flex-kolonne"
      >
        <p
          class="navds-label"
        >
          Selskap
        </p>
      </div>
    </div>
    <div
      class="historikk__flex-rad"
    >
      <div
        class="historikk__flex-kolonne af-liste__ekspander"
      >
        2019 
        <svg
          fill="none"
          focusable="false"
          height="1em"
          role="img"
          viewBox="0 0 24 24"
          width="1em"
          xmlns="http://www.w3.org/2000/svg"
        >
          <path
            clip-rule="evenodd"
            d="m12 6.586 7.707 7.707-1.414 1.414L12 9.414l-6.293 6.293-1.414-1.414L12 6.586Z"
            fill="currentColor"
            fill-rule="evenodd"
          />
        </svg>
      </div>
      <div />
    </div>
    <div
      class="historikk__flex-rad"
    >
      <div
        class="historikk__flex-kolonne historikk__heading"
      >
        18.06 kl. 10:45
      </div>
      <div
        class="historikk__flex-kolonne"
      >
        <div />
      </div>
    </div>
    <div
      class="historikk__flex-rad"
    >
      <div
        class="historikk__flex-kolonne historikk__heading"
      >
        18.06 kl. 10:45
      </div>
      <div
        class="historikk__flex-kolonne"
      >
        <div />
      </div>
    </div>
    <div
      class="historikk__flex-rad"
    >
      <div
        class="historikk__flex-kolonne historikk__heading"
      >
        18.06 kl. 10:51
      </div>
      <div
        class="historikk__flex-kolonne"
      >
        <div />
      </div>
    </div>
    <div
      class="historikk__flex-rad"
    >
      <div
        class="historikk__flex-kolonne af-liste__ekspander"
      >
        2018 
        <svg
          fill="none"
          focusable="false"
          height="1em"
          role="img"
          viewBox="0 0 24 24"
          width="1em"
          xmlns="http://www.w3.org/2000/svg"
        >
          <path
            clip-rule="evenodd"
            d="M12 17.414 4.293 9.707l1.414-1.414L12 14.586l6.293-6.293 1.414 1.414L12 17.414Z"
            fill="currentColor"
            fill-rule="evenodd"
          />
        </svg>
      </div>
      <div />
    </div>
    <div
      class="historikk__flex-rad"
    >
      <div
        class="historikk__flex-kolonne af-liste__ekspander"
      >
        2017 
        <svg
          fill="none"
          focusable="false"
          height="1em"
          role="img"
          viewBox="0 0 24 24"
          width="1em"
          xmlns="http://www.w3.org/2000/svg"
        >
          <path
            clip-rule="evenodd"
            d="M12 17.414 4.293 9.707l1.414-1.414L12 14.586l6.293-6.293 1.414 1.414L12 17.414Z"
            fill="currentColor"
            fill-rule="evenodd"
          />
        </svg>
      </div>
      <div />
    </div>
    <div
      class="historikk__flex-rad"
    >
      <div
        class="historikk__flex-kolonne af-liste__ekspander"
      >
        2016 
        <svg
          fill="none"
          focusable="false"
          height="1em"
          role="img"
          viewBox="0 0 24 24"
          width="1em"
          xmlns="http://www.w3.org/2000/svg"
        >
          <path
            clip-rule="evenodd"
            d="M12 17.414 4.293 9.707l1.414-1.414L12 14.586l6.293-6.293 1.414 1.414L12 17.414Z"
            fill="currentColor"
            fill-rule="evenodd"
          />
        </svg>
      </div>
      <div />
    </div>
  </div>
</DocumentFragment>
`;
