// Jest Snapshot v1, https://goo.gl/fbAQLP

exports[`render Header with content 1`] = `
<div
  className="box__container seksjon"
>
  <div
    className="box__icon-container icon__container"
    id="adresse"
  >
    <div
      className="icon__circle"
      style={
        Object {
          "backgroundColor": undefined,
          "backgroundImage": "url(function SvgAdresser(props) {
  return React.createElement(
    'svg', 
    Object.assign({}, props, {'data-file-name': SvgAdresser.name})
  );
})",
        }
      }
    />
  </div>
  <div
    className="box__content-container"
  >
    <div
      className="box__header"
      id="adresse"
    >
      <h2
        className="typo-systemtittel"
      >
        <span>
          Adresser
        </span>
      </h2>
      <div
        className="box__ingress"
      >
        <p
          className="typo-ingress"
        >
          <span>
            Her finner du bostedsadresse og eventuelt din midlertidige adresse.
          </span>
        </p>
      </div>
    </div>
    <div
      className="box__content"
    >
      <h3>
        Header
      </h3>
      <div>
        content
      </div>
    </div>
  </div>
</div>
`;
