// Jest Snapshot v1, https://goo.gl/fbAQLP

exports[`render Error 1`] = `
<div
  className="error__container"
>
  <div
    className="alertstripe alertstripe--advarsel"
  >
    <span
      aria-label="advarsel"
      className="alertstripe__ikon"
    >
      <svg
        focusable="false"
        height="1.5em"
        kind="advarsel-sirkel-fyll"
        viewBox="0 0 24 24"
        width="1.5em"
      >
        <g
          fill="none"
          fillRule="evenodd"
        >
          <path
            d="M12.205-.004l-.214.002a12.225 12.225 0 0 0-8.517 3.659C1.179 5.977-.053 9.013.002 12.208c.115 6.613 5.296 11.793 11.795 11.793l.212-.002c6.726-.116 12.105-5.595 11.99-12.21C23.883 5.178 18.702-.003 12.204-.003z"
            fill="#FFA733"
            fillRule="nonzero"
          />
          <path
            d="M12.027 19H12A1.499 1.499 0 0 1 11.973 16L12 16a1.501 1.501 0 0 1 .027 3z"
            fill="#3E3832"
          />
          <path
            d="M12 5a1 1 0 0 1 1 1v7a1 1 0 0 1-2 0V6a1 1 0 0 1 1-1z"
            fill="#3E3832"
            fillRule="nonzero"
          />
        </g>
      </svg>
    </span>
    <div
      className="typo-normal alertstripe__tekst"
    >
      Oisann, noe gikk galt ved henting av data!
      <br />
      <span>
         500: Internal Server Error
      </span>
    </div>
  </div>
</div>
`;
