// Jest Snapshot v1, https://goo.gl/fbAQLP

exports[`render Personalia with content 1`] = `
<div
  className="BoxContainer"
>
  <div
    className="BoxWithHeader"
  >
    <h1>
      Personalia
    </h1>
    <div
      className="icon-box-wrapper"
    >
      <img
        alt=""
        className="box-icon"
        src="woman.png"
      />
      <div
        className="Box"
      >
        <ul
          className="personalia-list"
        >
          <li>
            <span
              className="title"
            >
              <span>
                Fornavn
              </span>
            </span>
            <span
              className="content"
            >
              Ole
            </span>
          </li>
          <li>
            <span
              className="title"
            >
              <span>
                Etternavn
              </span>
            </span>
            <span
              className="content"
            >
              Nordmann
            </span>
          </li>
          <li>
            <span
              className="title"
            >
              <span>
                Fødselsnummer
              </span>
            </span>
            <span
              className="content"
            >
              08048503978
            </span>
          </li>
          <li>
            <span
              className="title"
            >
              <span>
                Utenlandsk ID
              </span>
            </span>
            <span
              className="content"
            >
              x
            </span>
          </li>
          <li>
            <span
              className="title"
            >
              <span>
                Telefon
              </span>
            </span>
            <span
              className="content"
            >
              51515151
            </span>
          </li>
          <li>
            <span
              className="title"
            >
              <span>
                Kontonummer
              </span>
            </span>
            <span
              className="content"
            />
          </li>
          <li>
            <span
              className="title"
            >
              <span>
                e-post
              </span>
            </span>
            <span
              className="content"
            >
              x
            </span>
          </li>
          <li>
            <span
              className="title"
            >
              <span>
                Språk
              </span>
            </span>
            <span
              className="content"
            >
              Norsk
            </span>
          </li>
          <li>
            <span
              className="title"
            >
              <span>
                Statsborgerskap
              </span>
            </span>
            <span
              className="content"
            >
              Norsk
            </span>
          </li>
          <li>
            <span
              className="title"
            >
              <span>
                Personstatus
              </span>
            </span>
            <span
              className="content"
            >
              
            </span>
          </li>
          <li>
            <span
              className="title"
            >
              <span>
                Fødested
              </span>
            </span>
            <span
              className="content"
            >
              x
            </span>
          </li>
          <li>
            <span
              className="title"
            >
              <span>
                Spesialregistrering
              </span>
            </span>
            <span
              className="content"
            >
              12345678911
            </span>
          </li>
          <li>
            <span
              className="title"
            >
              <span>
                Sivilstand
              </span>
            </span>
            <span
              className="content"
            >
              Gift
            </span>
          </li>
          <li>
            <span
              className="title"
            >
              <span>
                Sikkerhetstiltak
              </span>
            </span>
            <span
              className="content"
            >
              Kun telefonkontakt
            </span>
          </li>
          <li>
            <span
              className="title"
            >
              <span>
                Kjønn
              </span>
            </span>
            <span
              className="content"
            >
              Mann
            </span>
          </li>
          <li>
            <span
              className="title"
            >
              <span>
                Tilpasset kommunikasjon
              </span>
            </span>
            <span
              className="content"
            >
              x
            </span>
          </li>
        </ul>
        <div
          className="box-footer"
        >
          <span>
            Kilde: NAV, Skatteetaten, Folkeregisteret, Kontakt- og reservasjonsregisteret
          </span>
        </div>
      </div>
    </div>
  </div>
</div>
`;
